*****************************************************************
      SolidWorks Corporation - IGES Processor Status Report
*****************************************************************
=================================================================
General Information
=================================================================
Sending System Product I.D.  : M3 pan Head x 5mm
Receiving System Product I.D.: M3 pan Head x 5mm
File Name                    : C:\ProgramData\SolidWorks\SolidWorks 2012\design library\parts\hardware\M3 pan Head x 5mm.IGS
Sending System               : SolidWorks 2014
Preprocessor Version         : SolidWorks 2014
File Creation Date           : 140520.162451
Model Creation Date          : 140520.162451
Units                        : MM
Model Space Scale            : 1
Author                       : CAD
Organization                 : 


=================================================================
Entity Processing Information
=================================================================


=================================================================
Precision analysis of IGES file:
=================================================================
  Most prevalent number of significant digits:              10
  Highest number of significant digits:                     13
  Average number of significant digits:                8.39244
  Maximum distance to origin:                          1006.83
  Minimum distance to origin:                                0
  Effective number of significant digits:                   13


=================================================================
Entity Summary
=================================================================
-----------------------------------------------------------------
Type Name                                         Count Converted
---- ----                                         ----- ---------
100  Arc                                            110       110
102  Composite curve                                196       196
110  Line                                           234       234
120  Surface of revolution                           59        59
124  Transformation matrix                           80        80
126  Rational B-spline curve                        782       782
128  Rational B-spline surface                       38        38
142  Curve on a parametric surface                   98        98
144  Trimmed parametric surface                      97        97
314  Color definition                                 1         1
_________________________________________________________________


=================================================================
Result Summary
=================================================================
SolidWorks Feature Type                Count
-----------------------                -----
Solid feature(s)                       4
Surface feature(s)                     0
Curve/Sketch feature(s)                0
--------------------------------------------
Start time: Wednesday, March 01, 2017 12:45:10
Finish time: Wednesday, March 01, 2017 12:45:12
Processing time: 0 days, 00 hours, 00 mins, 02 secs
